[aidark.liquid-themes.com/index.html]
[backblue.gif]
[fade.gif]
[index.html]
[aidark.liquid-themes.com/xmlrpc.php]
[aidark.liquid-themes.com/wp-content/themes/creative-hub/style380f.css]
[aidark.liquid-themes.com/feed/index.html]
[aidark.liquid-themes.com/wp-content/uploads/liquid-styles/liquid-utils.css]
[aidark.liquid-themes.com/wp-content/uploads/elementor/css/post-5.css]
[aidark.liquid-themes.com/comments/feed/index.html]
[aidark.liquid-themes.com/wp-includes/css/dist/block-library/style.min380f.css]
[aidark.liquid-themes.com/wp-content/themes/creative-hub/assets/css/themes/creative/theme-creative380f.css]
[aidark.liquid-themes.com/wp-content/themes/creative-hub/assets/vendors/liquid-gdpr/liquid-gdpr.min.css]
[aidark.liquid-themes.com/wp-content/plugins/elementor/assets/css/modules/lazyload/frontend.minb73d.css]
[aidark.liquid-themes.com/wp-content/plugins/elementor/assets/css/frontend-lite.minb73d.css]
[aidark.liquid-themes.com/wp-content/uploads/2023/05/lines.png]
[aidark.liquid-themes.com/wp-content/uploads/2023/05/cta-bg1-1.png]
[aidark.liquid-themes.com/wp-content/plugins/elementor/assets/lib/swiper/v8/css/swiper.min94a4.css]
[aidark.liquid-themes.com/wp-content/themes/creative-hub/liquid/extensions/menu-icons/vendor/codeinwp/icon-picker/css/types/akar-icons.min573a.css]
[aidark.liquid-themes.com/wp-includes/js/jquery/jquery.minf43b.js]
[aidark.liquid-themes.com/wp-includes/js/jquery/jquery-migrate.min5589.js]
[aidark.liquid-themes.com/wp-json/index.html]
[aidark.liquid-themes.com/wp-json/wp/v2/pages/1430.json]
[aidark.liquid-themes.com/xmlrpc0db0.php]
[aidark.liquid-themes.com/wp-json/oembed/1.0/embede961.json]
[aidark.liquid-themes.com/wp-json/oembed/1.0/embedb1ae]
[aidark.liquid-themes.com/wp-content/themes/creative-hub/favicon.png]
[aidark.liquid-themes.com/wp-content/uploads/2023/04/logo.svg]
[aidark.liquid-themes.com/wp-content/uploads/2023/04/logo-dark.svg]
[aidark.liquid-themes.com/wp-content/uploads/2023/08/new.svg]
[aidark.liquid-themes.com/wp-content/uploads/2023/08/liines-dark.svg]
[aidark.liquid-themes.com/wp-content/uploads/2023/08/lines.svg]
[aidark.liquid-themes.com/wp-content/uploads/2023/08/dashboard-light.jpg]
[aidark.liquid-themes.com/wp-content/uploads/2023/08/dash.jpg]
[aidark.liquid-themes.com/wp-content/uploads/2023/08/dashboard-img1-light.png]
[aidark.liquid-themes.com/wp-content/uploads/2023/05/dashboard-img1.png]
[aidark.liquid-themes.com/wp-content/uploads/2023/08/process1-light.png]
[aidark.liquid-themes.com/wp-content/uploads/2023/05/process1.png]
[aidark.liquid-themes.com/wp-content/uploads/2023/08/shapes-light.png]
[aidark.liquid-themes.com/wp-content/uploads/2023/08/shapes-dark.png]
[aidark.liquid-themes.com/wp-content/themes/creative-hub/assets/vendors/fastdom/fastdom.min.js]
[aidark.liquid-themes.com/wp-content/themes/creative-hub/assets/vendors/fastdom/fastdom-promised.js]
[aidark.liquid-themes.com/wp-includes/js/underscore.mind584.js]
[aidark.liquid-themes.com/wp-includes/js/backbone.min91ce.js]
[aidark.liquid-themes.com/wp-content/themes/creative-hub/assets/vendors/backbone-native/backbone.native.min.js]
[aidark.liquid-themes.com/wp-content/themes/creative-hub/assets/vendors/gsap/minified/gsap.min.js]
[aidark.liquid-themes.com/wp-content/themes/creative-hub/assets/vendors/gsap/minified/ScrollTrigger.min.js]
[aidark.liquid-themes.com/wp-content/themes/creative-hub/assets/vendors/gsap/minified/ScrollToPlugin.min.js]
[aidark.liquid-themes.com/wp-content/themes/creative-hub/assets/vendors/gsap/minified/DrawSVGPlugin.min.js]
[aidark.liquid-themes.com/wp-content/uploads/liquid-scripts/liquid-frontend-script-1430.js]
[aidark.liquid-themes.com/wp-content/themes/creative-hub/assets/vendors/liquid-gdpr/liquid-gdpr.min.js]
[aidark.liquid-themes.com/wp-content/themes/creative-hub/assets/vendors/lottie/lottie.mina950.js]
[aidark.liquid-themes.com/wp-content/plugins/elementor/assets/js/webpack.runtime.minb73d.js]
[aidark.liquid-themes.com/wp-content/plugins/elementor/assets/js/frontend-modules.minb73d.js]
[aidark.liquid-themes.com/wp-content/plugins/elementor/assets/lib/waypoints/waypoints.min05da.js]
[aidark.liquid-themes.com/wp-includes/js/jquery/ui/core.min3f14.js]
[aidark.liquid-themes.com/index.html]
[aidark.liquid-themes.com/xmlrpc.php]
[aidark.liquid-themes.com/wp-content/themes/creative-hub/style380f.css]
[aidark.liquid-themes.com/wp-content/uploads/liquid-styles/liquid-utils.css]
[aidark.liquid-themes.com/wp-content/uploads/elementor/css/post-5.css]
[aidark.liquid-themes.com/wp-includes/css/dist/block-library/style.min380f.css]
[aidark.liquid-themes.com/wp-content/themes/creative-hub/assets/css/themes/creative/theme-creative380f.css]
[aidark.liquid-themes.com/wp-content/themes/creative-hub/assets/vendors/liquid-gdpr/liquid-gdpr.min.css]
[aidark.liquid-themes.com/wp-content/plugins/elementor/assets/css/modules/lazyload/frontend.minb73d.css]
[aidark.liquid-themes.com/wp-content/plugins/elementor/assets/css/frontend-lite.minb73d.css]
[aidark.liquid-themes.com/wp-content/plugins/elementor/assets/lib/swiper/v8/css/swiper.min94a4.css]
[aidark.liquid-themes.com/wp-content/plugins/elementor/assets/js/frontend.minb73d.js]
[aidark.liquid-themes.com/wp-content/themes/creative-hub/liquid/extensions/menu-icons/vendor/codeinwp/icon-picker/css/types/akar-icons.ttf]
[aidark.liquid-themes.com/wp-content/themes/creative-hub/liquid/extensions/menu-icons/vendor/codeinwp/icon-picker/css/types/akar-icons.woff]
[aidark.liquid-themes.com/wp-content/themes/creative-hub/liquid/extensions/menu-icons/vendor/codeinwp/icon-picker/css/types/akar-icons.min573a.css]
[aidark.liquid-themes.com/wp-includes/js/jquery/jquery.minf43b.js]
[aidark.liquid-themes.com/wp-includes/js/jquery/jquery-migrate.min5589.js]
[aidark.liquid-themes.com/wp-content/uploads/2023/04/logo.svg]
[aidark.liquid-themes.com/wp-content/uploads/2023/04/logo-dark.svg]
[aidark.liquid-themes.com/wp-content/uploads/2023/08/new.svg]
[aidark.liquid-themes.com/wp-content/uploads/2023/08/liines-dark.svg]
[aidark.liquid-themes.com/wp-content/uploads/2023/08/lines.svg]
[aidark.liquid-themes.com/wp-content/themes/creative-hub/assets/vendors/fastdom/fastdom.min.js]
[aidark.liquid-themes.com/wp-content/themes/creative-hub/assets/vendors/fastdom/fastdom-promised.js]
[aidark.liquid-themes.com/wp-includes/js/underscore.mind584.js]
[aidark.liquid-themes.com/wp-includes/js/backbone.min91ce.js]
[aidark.liquid-themes.com/wp-content/themes/creative-hub/assets/vendors/backbone-native/backbone.native.min.js]
[aidark.liquid-themes.com/wp-content/themes/creative-hub/assets/vendors/gsap/minified/gsap.min.js]
[aidark.liquid-themes.com/wp-content/themes/creative-hub/assets/vendors/gsap/minified/ScrollTrigger.min.js]
[aidark.liquid-themes.com/wp-content/themes/creative-hub/assets/vendors/gsap/minified/ScrollToPlugin.min.js]
[aidark.liquid-themes.com/wp-content/themes/creative-hub/assets/vendors/gsap/minified/DrawSVGPlugin.min.js]
[aidark.liquid-themes.com/wp-content/uploads/liquid-scripts/liquid-frontend-script-1430.js]
[aidark.liquid-themes.com/wp-content/themes/creative-hub/assets/vendors/liquid-gdpr/liquid-gdpr.min.js]
[aidark.liquid-themes.com/wp-content/themes/creative-hub/liquid/extensions/menu-icons/vendor/codeinwp/icon-picker/css/types/akar-iconsd41d.svg]
[aidark.liquid-themes.com/GET]
[aidark.liquid-themes.com/wp-content/themes/creative-hub/assets/vendors/lottie/lottie.mina950.js]
[aidark.liquid-themes.com/wp-content/plugins/elementor/assets/js/webpack.runtime.minb73d.js]
[aidark.liquid-themes.com/wp-content/plugins/elementor/assets/js/frontend-modules.minb73d.js]
[aidark.liquid-themes.com/wp-content/plugins/elementor/assets/lib/waypoints/waypoints.min05da.js]
[aidark.liquid-themes.com/wp-includes/js/jquery/ui/core.min3f14.js]
[aidark.liquid-themes.com/giItT1WQy@!-/index.html]
[aidark.liquid-themes.com/images/index.html]
[aidark.liquid-themes.com/-negative.36.delayed]
[aidark.liquid-themes.com/wp-content/plugins/elementor/assets/js/frontend.minb73d.js]
[aidark.liquid-themes.com/wp-content/themes/creative-hub/liquid/extensions/menu-icons/vendor/codeinwp/icon-picker/css/types/akar-iconsd41d.svg]
[aidark.liquid-themes.com/GET.html]
[aidark.liquid-themes.com/images/index.html]
[aidark.liquid-themes.com/giItT1WQy@!-/index.html]
[aidark.liquid-themes.com/-negative.html]
[aidark.liquid-themes.com/OPR/index.html]
[aidark.liquid-themes.com/OPR/index.html]
